Archive member included because of file (symbol)

c:/program files (x86)/atmel/atmel toolchain/avr8 gcc/native/3.4.1061/avr8-gnu-toolchain/bin/../lib/gcc/avr/4.8.1/../../../../avr/lib/avr5\libm.a(addsf3.o)
                              CLCD.o (__subsf3)
c:/program files (x86)/atmel/atmel toolchain/avr8 gcc/native/3.4.1061/avr8-gnu-toolchain/bin/../lib/gcc/avr/4.8.1/../../../../avr/lib/avr5\libm.a(addsf3x.o)
                              c:/program files (x86)/atmel/atmel toolchain/avr8 gcc/native/3.4.1061/avr8-gnu-toolchain/bin/../lib/gcc/avr/4.8.1/../../../../avr/lib/avr5\libm.a(addsf3.o) (__addsf3x)
c:/program files (x86)/atmel/atmel toolchain/avr8 gcc/native/3.4.1061/avr8-gnu-toolchain/bin/../lib/gcc/avr/4.8.1/../../../../avr/lib/avr5\libm.a(divsf3.o)
                              Stepper.o (__divsf3)
c:/program files (x86)/atmel/atmel toolchain/avr8 gcc/native/3.4.1061/avr8-gnu-toolchain/bin/../lib/gcc/avr/4.8.1/../../../../avr/lib/avr5\libm.a(divsf3x.o)
                              c:/program files (x86)/atmel/atmel toolchain/avr8 gcc/native/3.4.1061/avr8-gnu-toolchain/bin/../lib/gcc/avr/4.8.1/../../../../avr/lib/avr5\libm.a(divsf3.o) (__divsf3x)
c:/program files (x86)/atmel/atmel toolchain/avr8 gcc/native/3.4.1061/avr8-gnu-toolchain/bin/../lib/gcc/avr/4.8.1/../../../../avr/lib/avr5\libm.a(fixunssfsi.o)
                              CLCD.o (__fixunssfsi)
c:/program files (x86)/atmel/atmel toolchain/avr8 gcc/native/3.4.1061/avr8-gnu-toolchain/bin/../lib/gcc/avr/4.8.1/../../../../avr/lib/avr5\libm.a(floatsisf.o)
                              CLCD.o (__floatunsisf)
c:/program files (x86)/atmel/atmel toolchain/avr8 gcc/native/3.4.1061/avr8-gnu-toolchain/bin/../lib/gcc/avr/4.8.1/../../../../avr/lib/avr5\libm.a(fp_inf.o)
                              c:/program files (x86)/atmel/atmel toolchain/avr8 gcc/native/3.4.1061/avr8-gnu-toolchain/bin/../lib/gcc/avr/4.8.1/../../../../avr/lib/avr5\libm.a(addsf3x.o) (__fp_inf)
c:/program files (x86)/atmel/atmel toolchain/avr8 gcc/native/3.4.1061/avr8-gnu-toolchain/bin/../lib/gcc/avr/4.8.1/../../../../avr/lib/avr5\libm.a(fp_nan.o)
                              c:/program files (x86)/atmel/atmel toolchain/avr8 gcc/native/3.4.1061/avr8-gnu-toolchain/bin/../lib/gcc/avr/4.8.1/../../../../avr/lib/avr5\libm.a(addsf3x.o) (__fp_nan)
c:/program files (x86)/atmel/atmel toolchain/avr8 gcc/native/3.4.1061/avr8-gnu-toolchain/bin/../lib/gcc/avr/4.8.1/../../../../avr/lib/avr5\libm.a(fp_pscA.o)
                              c:/program files (x86)/atmel/atmel toolchain/avr8 gcc/native/3.4.1061/avr8-gnu-toolchain/bin/../lib/gcc/avr/4.8.1/../../../../avr/lib/avr5\libm.a(addsf3x.o) (__fp_pscA)
c:/program files (x86)/atmel/atmel toolchain/avr8 gcc/native/3.4.1061/avr8-gnu-toolchain/bin/../lib/gcc/avr/4.8.1/../../../../avr/lib/avr5\libm.a(fp_pscB.o)
                              c:/program files (x86)/atmel/atmel toolchain/avr8 gcc/native/3.4.1061/avr8-gnu-toolchain/bin/../lib/gcc/avr/4.8.1/../../../../avr/lib/avr5\libm.a(addsf3x.o) (__fp_pscB)
c:/program files (x86)/atmel/atmel toolchain/avr8 gcc/native/3.4.1061/avr8-gnu-toolchain/bin/../lib/gcc/avr/4.8.1/../../../../avr/lib/avr5\libm.a(fp_round.o)
                              c:/program files (x86)/atmel/atmel toolchain/avr8 gcc/native/3.4.1061/avr8-gnu-toolchain/bin/../lib/gcc/avr/4.8.1/../../../../avr/lib/avr5\libm.a(addsf3.o) (__fp_round)
c:/program files (x86)/atmel/atmel toolchain/avr8 gcc/native/3.4.1061/avr8-gnu-toolchain/bin/../lib/gcc/avr/4.8.1/../../../../avr/lib/avr5\libm.a(fp_split3.o)
                              c:/program files (x86)/atmel/atmel toolchain/avr8 gcc/native/3.4.1061/avr8-gnu-toolchain/bin/../lib/gcc/avr/4.8.1/../../../../avr/lib/avr5\libm.a(addsf3x.o) (__fp_split3)
c:/program files (x86)/atmel/atmel toolchain/avr8 gcc/native/3.4.1061/avr8-gnu-toolchain/bin/../lib/gcc/avr/4.8.1/../../../../avr/lib/avr5\libm.a(fp_zero.o)
                              c:/program files (x86)/atmel/atmel toolchain/avr8 gcc/native/3.4.1061/avr8-gnu-toolchain/bin/../lib/gcc/avr/4.8.1/../../../../avr/lib/avr5\libm.a(addsf3x.o) (__fp_zero)
c:/program files (x86)/atmel/atmel toolchain/avr8 gcc/native/3.4.1061/avr8-gnu-toolchain/bin/../lib/gcc/avr/4.8.1/../../../../avr/lib/avr5\libm.a(mulsf3.o)
                              CLCD.o (__mulsf3)
c:/program files (x86)/atmel/atmel toolchain/avr8 gcc/native/3.4.1061/avr8-gnu-toolchain/bin/../lib/gcc/avr/4.8.1/../../../../avr/lib/avr5\libm.a(mulsf3x.o)
                              c:/program files (x86)/atmel/atmel toolchain/avr8 gcc/native/3.4.1061/avr8-gnu-toolchain/bin/../lib/gcc/avr/4.8.1/../../../../avr/lib/avr5\libm.a(mulsf3.o) (__mulsf3x)
c:/program files (x86)/atmel/atmel toolchain/avr8 gcc/native/3.4.1061/avr8-gnu-toolchain/bin/../lib/gcc/avr/4.8.1/avr5\libgcc.a(_divmodhi4.o)
                              CLCD.o (__divmodhi4)
c:/program files (x86)/atmel/atmel toolchain/avr8 gcc/native/3.4.1061/avr8-gnu-toolchain/bin/../lib/gcc/avr/4.8.1/avr5\libgcc.a(_exit.o)
                              c:/program files (x86)/atmel/atmel toolchain/avr8 gcc/native/3.4.1061/avr8-gnu-toolchain/bin/../lib/gcc/avr/4.8.1/../../../../avr/lib/avr5/crtm32a.o (exit)
c:/program files (x86)/atmel/atmel toolchain/avr8 gcc/native/3.4.1061/avr8-gnu-toolchain/bin/../lib/gcc/avr/4.8.1/avr5\libgcc.a(_copy_data.o)
                              ADC.o (__do_copy_data)
c:/program files (x86)/atmel/atmel toolchain/avr8 gcc/native/3.4.1061/avr8-gnu-toolchain/bin/../lib/gcc/avr/4.8.1/avr5\libgcc.a(_clear_bss.o)
                              ADC.o (__do_clear_bss)
c:/program files (x86)/atmel/atmel toolchain/avr8 gcc/native/3.4.1061/avr8-gnu-toolchain/bin/../lib/gcc/avr/4.8.1/avr5\libgcc.a(_udivmodhi4.o)
                              c:/program files (x86)/atmel/atmel toolchain/avr8 gcc/native/3.4.1061/avr8-gnu-toolchain/bin/../lib/gcc/avr/4.8.1/avr5\libgcc.a(_divmodhi4.o) (__udivmodhi4)

Discarded input sections

 .data          0x00000000        0x0 c:/program files (x86)/atmel/atmel toolchain/avr8 gcc/native/3.4.1061/avr8-gnu-toolchain/bin/../lib/gcc/avr/4.8.1/../../../../avr/lib/avr5/crtm32a.o
 .bss           0x00000000        0x0 c:/program files (x86)/atmel/atmel toolchain/avr8 gcc/native/3.4.1061/avr8-gnu-toolchain/bin/../lib/gcc/avr/4.8.1/../../../../avr/lib/avr5/crtm32a.o
 .text          0x00000000        0x0 ADC.o
 .data          0x00000000        0x0 ADC.o
 .bss           0x00000000        0x0 ADC.o
 .text.ADC_Initiate
                0x00000000       0x26 ADC.o
 .text.ADC_StartConversionSynch
                0x00000000       0x7c ADC.o
 .text.ADC_StartConversionAsynch
                0x00000000       0x44 ADC.o
 .text          0x00000000        0x0 App.o
 .data          0x00000000        0x0 App.o
 .bss           0x00000000        0x0 App.o
 .text.InitiateDashBoard
                0x00000000        0x2 App.o
 .debug_info    0x00000000       0x94 App.o
 .debug_abbrev  0x00000000       0x44 App.o
 .debug_aranges
                0x00000000       0x20 App.o
 .debug_ranges  0x00000000       0x10 App.o
 .debug_line    0x00000000       0x37 App.o
 .debug_str     0x00000000      0x186 App.o
 .comment       0x00000000       0x31 App.o
 .debug_frame   0x00000000       0x24 App.o
 .text          0x00000000        0x0 Buzzer.o
 .data          0x00000000        0x0 Buzzer.o
 .bss           0x00000000        0x0 Buzzer.o
 .text          0x00000000        0x0 CLCD.o
 .data          0x00000000        0x0 CLCD.o
 .bss           0x00000000        0x0 CLCD.o
 .text.CLCD_BlinkCursor
                0x00000000       0x10 CLCD.o
 .text.CLCD_NoBlinkCursor
                0x00000000       0x10 CLCD.o
 .text.CLCD_TurnOnCursor
                0x00000000       0x10 CLCD.o
 .text.CLCD_TurnOffCursor
                0x00000000       0x10 CLCD.o
 .text.CLCD_TurnOnDisplay
                0x00000000       0x10 CLCD.o
 .text.CLCD_TurnOffDisplay
                0x00000000       0x10 CLCD.o
 .text.CLCD_ShiftCursorRight
                0x00000000       0x10 CLCD.o
 .text.CLCD_ShiftCursorLeft
                0x00000000       0x10 CLCD.o
 .text.CLCD_ShiftDisplayLeft
                0x00000000       0x10 CLCD.o
 .text.CLCD_ShiftDisplayRight
                0x00000000       0x10 CLCD.o
 .text.CLCD_PrintNumber
                0x00000000       0x90 CLCD.o
 .text.CLCD_StoreSpecialCharater
                0x00000000       0x3c CLCD.o
 .text.CLCD_PrintSpecialCharacter
                0x00000000        0x6 CLCD.o
 .text.CLCD_PrintFloat
                0x00000000       0x68 CLCD.o
 .text          0x00000000        0x0 DCMotor.o
 .data          0x00000000        0x0 DCMotor.o
 .bss           0x00000000        0x0 DCMotor.o
 .text.DCMotor_ControlSpeed
                0x00000000       0x4e DCMotor.o
 .text          0x00000000        0x0 DIO.o
 .data          0x00000000        0x0 DIO.o
 .bss           0x00000000        0x0 DIO.o
 .text.DIO_SetPortDirection
                0x00000000       0x78 DIO.o
 .text.DIO_WritePort
                0x00000000       0x32 DIO.o
 .text.DIO_ReadPort
                0x00000000       0x42 DIO.o
 .text          0x00000000        0x0 KeyPad.o
 .data          0x00000000        0x0 KeyPad.o
 .bss           0x00000000        0x0 KeyPad.o
 .text          0x00000000        0x0 main.o
 .data          0x00000000        0x0 main.o
 .bss           0x00000000        0x0 main.o
 .text          0x00000000        0x0 MotorDashBoard.o
 .data          0x00000000        0x0 MotorDashBoard.o
 .bss           0x00000000        0x0 MotorDashBoard.o
 .text          0x00000000        0x0 Potentiometer.o
 .data          0x00000000        0x0 Potentiometer.o
 .bss           0x00000000        0x0 Potentiometer.o
 .text.Potentiometer_Setup
                0x00000000       0x1a Potentiometer.o
 .text.Potentiometer_GetValueSynch
                0x00000000        0x4 Potentiometer.o
 .debug_info    0x00000000      0x1aa Potentiometer.o
 .debug_abbrev  0x00000000      0x128 Potentiometer.o
 .debug_loc     0x00000000       0x8b Potentiometer.o
 .debug_aranges
                0x00000000       0x28 Potentiometer.o
 .debug_ranges  0x00000000       0x18 Potentiometer.o
 .debug_line    0x00000000       0x96 Potentiometer.o
 .debug_str     0x00000000      0x246 Potentiometer.o
 .comment       0x00000000       0x31 Potentiometer.o
 .debug_frame   0x00000000       0x40 Potentiometer.o
 .text          0x00000000        0x0 Servo.o
 .data          0x00000000        0x0 Servo.o
 .bss           0x00000000        0x0 Servo.o
 .text          0x00000000        0x0 Stepper.o
 .data          0x00000000        0x0 Stepper.o
 .bss           0x00000000        0x0 Stepper.o
 .text          0x00000000        0x0 Timers.o
 .data          0x00000000        0x0 Timers.o
 .bss           0x00000000        0x0 Timers.o
 .text.Timer0_Disable
                0x00000000       0x14 Timers.o
 .text.Timer0_SetPreLoadValue
                0x00000000        0x4 Timers.o
 .text.Timer0_SetCompareMatchValue
                0x00000000        0x4 Timers.o
 .text.Timer0_SetCallBackFunctionCompareMatch
                0x00000000       0x14 Timers.o
 .text.Timer0_SetCallBackFunctionOverFlow
                0x00000000       0x14 Timers.o
 .text.Timer0_PWM_OC0Pin
                0x00000000        0x4 Timers.o
 .text.Timer1_DisableTimer
                0x00000000       0x14 Timers.o
 .text.Timer1_SetPreLoadValue
                0x00000000        0x6 Timers.o
 .text.Timer1_SetCompareMatchAValue
                0x00000000        0x6 Timers.o
 .text.Timer1_SetCompareMatchBValue
                0x00000000        0x6 Timers.o
 .text.Timer1_SetCallBackFunctionOverFlow
                0x00000000        0xe Timers.o
 .text.Timer1_SetCallBackFunctionCompareMatchA
                0x00000000        0xe Timers.o
 .text.Timer1_SetCallBackFunctionCompareMatchB
                0x00000000        0xe Timers.o
 .text.Timer1_SetCallBackFunctionCaptureEvent
                0x00000000        0xe Timers.o
 .text.Timer2_Disable
                0x00000000       0x14 Timers.o
 .text.Timer2_SetPreLoadValue
                0x00000000        0x4 Timers.o
 .text.Timer2_SetCompareMatchValue
                0x00000000        0x4 Timers.o
 .text.Timer2_SetCallBackFunctionCompareMatch
                0x00000000       0x14 Timers.o
 .text.Timer2_SetCallBackFunctionOverFlow
                0x00000000       0x14 Timers.o
 .text.Timer2_PWM_OC2Pin
                0x00000000        0x4 Timers.o
 .text.Timer_PWM
                0x00000000       0x34 Timers.o
 .text          0x00000000        0x0 c:/program files (x86)/atmel/atmel toolchain/avr8 gcc/native/3.4.1061/avr8-gnu-toolchain/bin/../lib/gcc/avr/4.8.1/../../../../avr/lib/avr5\libm.a(addsf3.o)
 .data          0x00000000        0x0 c:/program files (x86)/atmel/atmel toolchain/avr8 gcc/native/3.4.1061/avr8-gnu-toolchain/bin/../lib/gcc/avr/4.8.1/../../../../avr/lib/avr5\libm.a(addsf3.o)
 .bss           0x00000000        0x0 c:/program files (x86)/atmel/atmel toolchain/avr8 gcc/native/3.4.1061/avr8-gnu-toolchain/bin/../lib/gcc/avr/4.8.1/../../../../avr/lib/avr5\libm.a(addsf3.o)
 .text          0x00000000        0x0 c:/program files (x86)/atmel/atmel toolchain/avr8 gcc/native/3.4.1061/avr8-gnu-toolchain/bin/../lib/gcc/avr/4.8.1/../../../../avr/lib/avr5\libm.a(addsf3x.o)
 .data          0x00000000        0x0 c:/program files (x86)/atmel/atmel toolchain/avr8 gcc/native/3.4.1061/avr8-gnu-toolchain/bin/../lib/gcc/avr/4.8.1/../../../../avr/lib/avr5\libm.a(addsf3x.o)
 .bss           0x00000000        0x0 c:/program files (x86)/atmel/atmel toolchain/avr8 gcc/native/3.4.1061/avr8-gnu-toolchain/bin/../lib/gcc/avr/4.8.1/../../../../avr/lib/avr5\libm.a(addsf3x.o)
 .text          0x00000000        0x0 c:/program files (x86)/atmel/atmel toolchain/avr8 gcc/native/3.4.1061/avr8-gnu-toolchain/bin/../lib/gcc/avr/4.8.1/../../../../avr/lib/avr5\libm.a(divsf3.o)
 .data          0x00000000        0x0 c:/program files (x86)/atmel/atmel toolchain/avr8 gcc/native/3.4.1061/avr8-gnu-toolchain/bin/../lib/gcc/avr/4.8.1/../../../../avr/lib/avr5\libm.a(divsf3.o)
 .bss           0x00000000        0x0 c:/program files (x86)/atmel/atmel toolchain/avr8 gcc/native/3.4.1061/avr8-gnu-toolchain/bin/../lib/gcc/avr/4.8.1/../../../../avr/lib/avr5\libm.a(divsf3.o)
 .text          0x00000000        0x0 c:/program files (x86)/atmel/atmel toolchain/avr8 gcc/native/3.4.1061/avr8-gnu-toolchain/bin/../lib/gcc/avr/4.8.1/../../../../avr/lib/avr5\libm.a(divsf3x.o)
 .data          0x00000000        0x0 c:/program files (x86)/atmel/atmel toolchain/avr8 gcc/native/3.4.1061/avr8-gnu-toolchain/bin/../lib/gcc/avr/4.8.1/../../../../avr/lib/avr5\libm.a(divsf3x.o)
 .bss           0x00000000        0x0 c:/program files (x86)/atmel/atmel toolchain/avr8 gcc/native/3.4.1061/avr8-gnu-toolchain/bin/../lib/gcc/avr/4.8.1/../../../../avr/lib/avr5\libm.a(divsf3x.o)
 .text          0x00000000        0x0 c:/program files (x86)/atmel/atmel toolchain/avr8 gcc/native/3.4.1061/avr8-gnu-toolchain/bin/../lib/gcc/avr/4.8.1/../../../../avr/lib/avr5\libm.a(fixunssfsi.o)
 .data          0x00000000        0x0 c:/program files (x86)/atmel/atmel toolchain/avr8 gcc/native/3.4.1061/avr8-gnu-toolchain/bin/../lib/gcc/avr/4.8.1/../../../../avr/lib/avr5\libm.a(fixunssfsi.o)
 .bss           0x00000000        0x0 c:/program files (x86)/atmel/atmel toolchain/avr8 gcc/native/3.4.1061/avr8-gnu-toolchain/bin/../lib/gcc/avr/4.8.1/../../../../avr/lib/avr5\libm.a(fixunssfsi.o)
 .text          0x00000000        0x0 c:/program files (x86)/atmel/atmel toolchain/avr8 gcc/native/3.4.1061/avr8-gnu-toolchain/bin/../lib/gcc/avr/4.8.1/../../../../avr/lib/avr5\libm.a(floatsisf.o)
 .data          0x00000000        0x0 c:/program files (x86)/atmel/atmel toolchain/avr8 gcc/native/3.4.1061/avr8-gnu-toolchain/bin/../lib/gcc/avr/4.8.1/../../../../avr/lib/avr5\libm.a(floatsisf.o)
 .bss           0x00000000        0x0 c:/program files (x86)/atmel/atmel toolchain/avr8 gcc/native/3.4.1061/avr8-gnu-toolchain/bin/../lib/gcc/avr/4.8.1/../../../../avr/lib/avr5\libm.a(floatsisf.o)
 .text          0x00000000        0x0 c:/program files (x86)/atmel/atmel toolchain/avr8 gcc/native/3.4.1061/avr8-gnu-toolchain/bin/../lib/gcc/avr/4.8.1/../../../../avr/lib/avr5\libm.a(fp_inf.o)
 .data          0x00000000        0x0 c:/program files (x86)/atmel/atmel toolchain/avr8 gcc/native/3.4.1061/avr8-gnu-toolchain/bin/../lib/gcc/avr/4.8.1/../../../../avr/lib/avr5\libm.a(fp_inf.o)
 .bss           0x00000000        0x0 c:/program files (x86)/atmel/atmel toolchain/avr8 gcc/native/3.4.1061/avr8-gnu-toolchain/bin/../lib/gcc/avr/4.8.1/../../../../avr/lib/avr5\libm.a(fp_inf.o)
 .text          0x00000000        0x0 c:/program files (x86)/atmel/atmel toolchain/avr8 gcc/native/3.4.1061/avr8-gnu-toolchain/bin/../lib/gcc/avr/4.8.1/../../../../avr/lib/avr5\libm.a(fp_nan.o)
 .data          0x00000000        0x0 c:/program files (x86)/atmel/atmel toolchain/avr8 gcc/native/3.4.1061/avr8-gnu-toolchain/bin/../lib/gcc/avr/4.8.1/../../../../avr/lib/avr5\libm.a(fp_nan.o)
 .bss           0x00000000        0x0 c:/program files (x86)/atmel/atmel toolchain/avr8 gcc/native/3.4.1061/avr8-gnu-toolchain/bin/../lib/gcc/avr/4.8.1/../../../../avr/lib/avr5\libm.a(fp_nan.o)
 .text          0x00000000        0x0 c:/program files (x86)/atmel/atmel toolchain/avr8 gcc/native/3.4.1061/avr8-gnu-toolchain/bin/../lib/gcc/avr/4.8.1/../../../../avr/lib/avr5\libm.a(fp_pscA.o)
 .data          0x00000000        0x0 c:/program files (x86)/atmel/atmel toolchain/avr8 gcc/native/3.4.1061/avr8-gnu-toolchain/bin/../lib/gcc/avr/4.8.1/../../../../avr/lib/avr5\libm.a(fp_pscA.o)
 .bss           0x00000000        0x0 c:/program files (x86)/atmel/atmel toolchain/avr8 gcc/native/3.4.1061/avr8-gnu-toolchain/bin/../lib/gcc/avr/4.8.1/../../../../avr/lib/avr5\libm.a(fp_pscA.o)
 .text          0x00000000        0x0 c:/program files (x86)/atmel/atmel toolchain/avr8 gcc/native/3.4.1061/avr8-gnu-toolchain/bin/../lib/gcc/avr/4.8.1/../../../../avr/lib/avr5\libm.a(fp_pscB.o)
 .data          0x00000000        0x0 c:/program files (x86)/atmel/atmel toolchain/avr8 gcc/native/3.4.1061/avr8-gnu-toolchain/bin/../lib/gcc/avr/4.8.1/../../../../avr/lib/avr5\libm.a(fp_pscB.o)
 .bss           0x00000000        0x0 c:/program files (x86)/atmel/atmel toolchain/avr8 gcc/native/3.4.1061/avr8-gnu-toolchain/bin/../lib/gcc/avr/4.8.1/../../../../avr/lib/avr5\libm.a(fp_pscB.o)
 .text          0x00000000        0x0 c:/program files (x86)/atmel/atmel toolchain/avr8 gcc/native/3.4.1061/avr8-gnu-toolchain/bin/../lib/gcc/avr/4.8.1/../../../../avr/lib/avr5\libm.a(fp_round.o)
 .data          0x00000000        0x0 c:/program files (x86)/atmel/atmel toolchain/avr8 gcc/native/3.4.1061/avr8-gnu-toolchain/bin/../lib/gcc/avr/4.8.1/../../../../avr/lib/avr5\libm.a(fp_round.o)
 .bss           0x00000000        0x0 c:/program files (x86)/atmel/atmel toolchain/avr8 gcc/native/3.4.1061/avr8-gnu-toolchain/bin/../lib/gcc/avr/4.8.1/../../../../avr/lib/avr5\libm.a(fp_round.o)
 .text          0x00000000        0x0 c:/program files (x86)/atmel/atmel toolchain/avr8 gcc/native/3.4.1061/avr8-gnu-toolchain/bin/../lib/gcc/avr/4.8.1/../../../../avr/lib/avr5\libm.a(fp_split3.o)
 .data          0x00000000        0x0 c:/program files (x86)/atmel/atmel toolchain/avr8 gcc/native/3.4.1061/avr8-gnu-toolchain/bin/../lib/gcc/avr/4.8.1/../../../../avr/lib/avr5\libm.a(fp_split3.o)
 .bss           0x00000000        0x0 c:/program files (x86)/atmel/atmel toolchain/avr8 gcc/native/3.4.1061/avr8-gnu-toolchain/bin/../lib/gcc/avr/4.8.1/../../../../avr/lib/avr5\libm.a(fp_split3.o)
 .text          0x00000000        0x0 c:/program files (x86)/atmel/atmel toolchain/avr8 gcc/native/3.4.1061/avr8-gnu-toolchain/bin/../lib/gcc/avr/4.8.1/../../../../avr/lib/avr5\libm.a(fp_zero.o)
 .data          0x00000000        0x0 c:/program files (x86)/atmel/atmel toolchain/avr8 gcc/native/3.4.1061/avr8-gnu-toolchain/bin/../lib/gcc/avr/4.8.1/../../../../avr/lib/avr5\libm.a(fp_zero.o)
 .bss           0x00000000        0x0 c:/program files (x86)/atmel/atmel toolchain/avr8 gcc/native/3.4.1061/avr8-gnu-toolchain/bin/../lib/gcc/avr/4.8.1/../../../../avr/lib/avr5\libm.a(fp_zero.o)
 .text          0x00000000        0x0 c:/program files (x86)/atmel/atmel toolchain/avr8 gcc/native/3.4.1061/avr8-gnu-toolchain/bin/../lib/gcc/avr/4.8.1/../../../../avr/lib/avr5\libm.a(mulsf3.o)
 .data          0x00000000        0x0 c:/program files (x86)/atmel/atmel toolchain/avr8 gcc/native/3.4.1061/avr8-gnu-toolchain/bin/../lib/gcc/avr/4.8.1/../../../../avr/lib/avr5\libm.a(mulsf3.o)
 .bss           0x00000000        0x0 c:/program files (x86)/atmel/atmel toolchain/avr8 gcc/native/3.4.1061/avr8-gnu-toolchain/bin/../lib/gcc/avr/4.8.1/../../../../avr/lib/avr5\libm.a(mulsf3.o)
 .text          0x00000000        0x0 c:/program files (x86)/atmel/atmel toolchain/avr8 gcc/native/3.4.1061/avr8-gnu-toolchain/bin/../lib/gcc/avr/4.8.1/../../../../avr/lib/avr5\libm.a(mulsf3x.o)
 .data          0x00000000        0x0 c:/program files (x86)/atmel/atmel toolchain/avr8 gcc/native/3.4.1061/avr8-gnu-toolchain/bin/../lib/gcc/avr/4.8.1/../../../../avr/lib/avr5\libm.a(mulsf3x.o)
 .bss           0x00000000        0x0 c:/program files (x86)/atmel/atmel toolchain/avr8 gcc/native/3.4.1061/avr8-gnu-toolchain/bin/../lib/gcc/avr/4.8.1/../../../../avr/lib/avr5\libm.a(mulsf3x.o)
 .text          0x00000000        0x0 c:/program files (x86)/atmel/atmel toolchain/avr8 gcc/native/3.4.1061/avr8-gnu-toolchain/bin/../lib/gcc/avr/4.8.1/avr5\libgcc.a(_divmodhi4.o)
 .data          0x00000000        0x0 c:/program files (x86)/atmel/atmel toolchain/avr8 gcc/native/3.4.1061/avr8-gnu-toolchain/bin/../lib/gcc/avr/4.8.1/avr5\libgcc.a(_divmodhi4.o)
 .bss           0x00000000        0x0 c:/program files (x86)/atmel/atmel toolchain/avr8 gcc/native/3.4.1061/avr8-gnu-toolchain/bin/../lib/gcc/avr/4.8.1/avr5\libgcc.a(_divmodhi4.o)
 .text.libgcc.mul
                0x00000000        0x0 c:/program files (x86)/atmel/atmel toolchain/avr8 gcc/native/3.4.1061/avr8-gnu-toolchain/bin/../lib/gcc/avr/4.8.1/avr5\libgcc.a(_divmodhi4.o)
 .text.libgcc.div
                0x00000000       0x28 c:/program files (x86)/atmel/atmel toolchain/avr8 gcc/native/3.4.1061/avr8-gnu-toolchain/bin/../lib/gcc/avr/4.8.1/avr5\libgcc.a(_divmodhi4.o)
 .text.libgcc   0x00000000        0x0 c:/program files (x86)/atmel/atmel toolchain/avr8 gcc/native/3.4.1061/avr8-gnu-toolchain/bin/../lib/gcc/avr/4.8.1/avr5\libgcc.a(_divmodhi4.o)
 .text.libgcc.prologue
                0x00000000        0x0 c:/program files (x86)/atmel/atmel toolchain/avr8 gcc/native/3.4.1061/avr8-gnu-toolchain/bin/../lib/gcc/avr/4.8.1/avr5\libgcc.a(_divmodhi4.o)
 .text.libgcc.builtins
                0x00000000        0x0 c:/program files (x86)/atmel/atmel toolchain/avr8 gcc/native/3.4.1061/avr8-gnu-toolchain/bin/../lib/gcc/avr/4.8.1/avr5\libgcc.a(_divmodhi4.o)
 .text.libgcc.fmul
                0x00000000        0x0 c:/program files (x86)/atmel/atmel toolchain/avr8 gcc/native/3.4.1061/avr8-gnu-toolchain/bin/../lib/gcc/avr/4.8.1/avr5\libgcc.a(_divmodhi4.o)
 .text.libgcc.fixed
                0x00000000        0x0 c:/program files (x86)/atmel/atmel toolchain/avr8 gcc/native/3.4.1061/avr8-gnu-toolchain/bin/../lib/gcc/avr/4.8.1/avr5\libgcc.a(_divmodhi4.o)
 .text          0x00000000        0x0 c:/program files (x86)/atmel/atmel toolchain/avr8 gcc/native/3.4.1061/avr8-gnu-toolchain/bin/../lib/gcc/avr/4.8.1/avr5\libgcc.a(_exit.o)
 .data          0x00000000        0x0 c:/program files (x86)/atmel/atmel toolchain/avr8 gcc/native/3.4.1061/avr8-gnu-toolchain/bin/../lib/gcc/avr/4.8.1/avr5\libgcc.a(_exit.o)
 .bss           0x00000000        0x0 c:/program files (x86)/atmel/atmel toolchain/avr8 gcc/native/3.4.1061/avr8-gnu-toolchain/bin/../lib/gcc/avr/4.8.1/avr5\libgcc.a(_exit.o)
 .text.libgcc.mul
                0x00000000        0x0 c:/program files (x86)/atmel/atmel toolchain/avr8 gcc/native/3.4.1061/avr8-gnu-toolchain/bin/../lib/gcc/avr/4.8.1/avr5\libgcc.a(_exit.o)
 .text.libgcc.div
                0x00000000        0x0 c:/program files (x86)/atmel/atmel toolchain/avr8 gcc/native/3.4.1061/avr8-gnu-toolchain/bin/../lib/gcc/avr/4.8.1/avr5\libgcc.a(_exit.o)
 .text.libgcc   0x00000000        0x0 c:/program files (x86)/atmel/atmel toolchain/avr8 gcc/native/3.4.1061/avr8-gnu-toolchain/bin/../lib/gcc/avr/4.8.1/avr5\libgcc.a(_exit.o)
 .text.libgcc.prologue
                0x00000000        0x0 c:/program files (x86)/atmel/atmel toolchain/avr8 gcc/native/3.4.1061/avr8-gnu-toolchain/bin/../lib/gcc/avr/4.8.1/avr5\libgcc.a(_exit.o)
 .text.libgcc.builtins
                0x00000000        0x0 c:/program files (x86)/atmel/atmel toolchain/avr8 gcc/native/3.4.1061/avr8-gnu-toolchain/bin/../lib/gcc/avr/4.8.1/avr5\libgcc.a(_exit.o)
 .text.libgcc.fmul
                0x00000000        0x0 c:/program files (x86)/atmel/atmel toolchain/avr8 gcc/native/3.4.1061/avr8-gnu-toolchain/bin/../lib/gcc/avr/4.8.1/avr5\libgcc.a(_exit.o)
 .text.libgcc.fixed
                0x00000000        0x0 c:/program files (x86)/atmel/atmel toolchain/avr8 gcc/native/3.4.1061/avr8-gnu-toolchain/bin/../lib/gcc/avr/4.8.1/avr5\libgcc.a(_exit.o)
 .text          0x00000000        0x0 c:/program files (x86)/atmel/atmel toolchain/avr8 gcc/native/3.4.1061/avr8-gnu-toolchain/bin/../lib/gcc/avr/4.8.1/avr5\libgcc.a(_copy_data.o)
 .data          0x00000000        0x0 c:/program files (x86)/atmel/atmel toolchain/avr8 gcc/native/3.4.1061/avr8-gnu-toolchain/bin/../lib/gcc/avr/4.8.1/avr5\libgcc.a(_copy_data.o)
 .bss           0x00000000        0x0 c:/program files (x86)/atmel/atmel toolchain/avr8 gcc/native/3.4.1061/avr8-gnu-toolchain/bin/../lib/gcc/avr/4.8.1/avr5\libgcc.a(_copy_data.o)
 .text.libgcc.mul
                0x00000000        0x0 c:/program files (x86)/atmel/atmel toolchain/avr8 gcc/native/3.4.1061/avr8-gnu-toolchain/bin/../lib/gcc/avr/4.8.1/avr5\libgcc.a(_copy_data.o)
 .text.libgcc.div
                0x00000000        0x0 c:/program files (x86)/atmel/atmel toolchain/avr8 gcc/native/3.4.1061/avr8-gnu-toolchain/bin/../lib/gcc/avr/4.8.1/avr5\libgcc.a(_copy_data.o)
 .text.libgcc   0x00000000        0x0 c:/program files (x86)/atmel/atmel toolchain/avr8 gcc/native/3.4.1061/avr8-gnu-toolchain/bin/../lib/gcc/avr/4.8.1/avr5\libgcc.a(_copy_data.o)
 .text.libgcc.prologue
                0x00000000        0x0 c:/program files (x86)/atmel/atmel toolchain/avr8 gcc/native/3.4.1061/avr8-gnu-toolchain/bin/../lib/gcc/avr/4.8.1/avr5\libgcc.a(_copy_data.o)
 .text.libgcc.builtins
                0x00000000        0x0 c:/program files (x86)/atmel/atmel toolchain/avr8 gcc/native/3.4.1061/avr8-gnu-toolchain/bin/../lib/gcc/avr/4.8.1/avr5\libgcc.a(_copy_data.o)
 .text.libgcc.fmul
                0x00000000        0x0 c:/program files (x86)/atmel/atmel toolchain/avr8 gcc/native/3.4.1061/avr8-gnu-toolchain/bin/../lib/gcc/avr/4.8.1/avr5\libgcc.a(_copy_data.o)
 .text.libgcc.fixed
                0x00000000        0x0 c:/program files (x86)/atmel/atmel toolchain/avr8 gcc/native/3.4.1061/avr8-gnu-toolchain/bin/../lib/gcc/avr/4.8.1/avr5\libgcc.a(_copy_data.o)
 .text          0x00000000        0x0 c:/program files (x86)/atmel/atmel toolchain/avr8 gcc/native/3.4.1061/avr8-gnu-toolchain/bin/../lib/gcc/avr/4.8.1/avr5\libgcc.a(_clear_bss.o)
 .data          0x00000000        0x0 c:/program files (x86)/atmel/atmel toolchain/avr8 gcc/native/3.4.1061/avr8-gnu-toolchain/bin/../lib/gcc/avr/4.8.1/avr5\libgcc.a(_clear_bss.o)
 .bss           0x00000000        0x0 c:/program files (x86)/atmel/atmel toolchain/avr8 gcc/native/3.4.1061/avr8-gnu-toolchain/bin/../lib/gcc/avr/4.8.1/avr5\libgcc.a(_clear_bss.o)
 .text.libgcc.mul
                0x00000000        0x0 c:/program files (x86)/atmel/atmel toolchain/avr8 gcc/native/3.4.1061/avr8-gnu-toolchain/bin/../lib/gcc/avr/4.8.1/avr5\libgcc.a(_clear_bss.o)
 .text.libgcc.div
                0x00000000        0x0 c:/program files (x86)/atmel/atmel toolchain/avr8 gcc/native/3.4.1061/avr8-gnu-toolchain/bin/../lib/gcc/avr/4.8.1/avr5\libgcc.a(_clear_bss.o)
 .text.libgcc   0x00000000        0x0 c:/program files (x86)/atmel/atmel toolchain/avr8 gcc/native/3.4.1061/avr8-gnu-toolchain/bin/../lib/gcc/avr/4.8.1/avr5\libgcc.a(_clear_bss.o)
 .text.libgcc.prologue
                0x00000000        0x0 c:/program files (x86)/atmel/atmel toolchain/avr8 gcc/native/3.4.1061/avr8-gnu-toolchain/bin/../lib/gcc/avr/4.8.1/avr5\libgcc.a(_clear_bss.o)
 .text.libgcc.builtins
                0x00000000        0x0 c:/program files (x86)/atmel/atmel toolchain/avr8 gcc/native/3.4.1061/avr8-gnu-toolchain/bin/../lib/gcc/avr/4.8.1/avr5\libgcc.a(_clear_bss.o)
 .text.libgcc.fmul
                0x00000000        0x0 c:/program files (x86)/atmel/atmel toolchain/avr8 gcc/native/3.4.1061/avr8-gnu-toolchain/bin/../lib/gcc/avr/4.8.1/avr5\libgcc.a(_clear_bss.o)
 .text.libgcc.fixed
                0x00000000        0x0 c:/program files (x86)/atmel/atmel toolchain/avr8 gcc/native/3.4.1061/avr8-gnu-toolchain/bin/../lib/gcc/avr/4.8.1/avr5\libgcc.a(_clear_bss.o)
 .text          0x00000000        0x0 c:/program files (x86)/atmel/atmel toolchain/avr8 gcc/native/3.4.1061/avr8-gnu-toolchain/bin/../lib/gcc/avr/4.8.1/avr5\libgcc.a(_udivmodhi4.o)
 .data          0x00000000        0x0 c:/program files (x86)/atmel/atmel toolchain/avr8 gcc/native/3.4.1061/avr8-gnu-toolchain/bin/../lib/gcc/avr/4.8.1/avr5\libgcc.a(_udivmodhi4.o)
 .bss           0x00000000        0x0 c:/program files (x86)/atmel/atmel toolchain/avr8 gcc/native/3.4.1061/avr8-gnu-toolchain/bin/../lib/gcc/avr/4.8.1/avr5\libgcc.a(_udivmodhi4.o)
 .text.libgcc.mul
                0x00000000        0x0 c:/program files (x86)/atmel/atmel toolchain/avr8 gcc/native/3.4.1061/avr8-gnu-toolchain/bin/../lib/gcc/avr/4.8.1/avr5\libgcc.a(_udivmodhi4.o)
 .text.libgcc.div
                0x00000000       0x28 c:/program files (x86)/atmel/atmel toolchain/avr8 gcc/native/3.4.1061/avr8-gnu-toolchain/bin/../lib/gcc/avr/4.8.1/avr5\libgcc.a(_udivmodhi4.o)
 .text.libgcc   0x00000000        0x0 c:/program files (x86)/atmel/atmel toolchain/avr8 gcc/native/3.4.1061/avr8-gnu-toolchain/bin/../lib/gcc/avr/4.8.1/avr5\libgcc.a(_udivmodhi4.o)
 .text.libgcc.prologue
                0x00000000        0x0 c:/program files (x86)/atmel/atmel toolchain/avr8 gcc/native/3.4.1061/avr8-gnu-toolchain/bin/../lib/gcc/avr/4.8.1/avr5\libgcc.a(_udivmodhi4.o)
 .text.libgcc.builtins
                0x00000000        0x0 c:/program files (x86)/atmel/atmel toolchain/avr8 gcc/native/3.4.1061/avr8-gnu-toolchain/bin/../lib/gcc/avr/4.8.1/avr5\libgcc.a(_udivmodhi4.o)
 .text.libgcc.fmul
                0x00000000        0x0 c:/program files (x86)/atmel/atmel toolchain/avr8 gcc/native/3.4.1061/avr8-gnu-toolchain/bin/../lib/gcc/avr/4.8.1/avr5\libgcc.a(_udivmodhi4.o)
 .text.libgcc.fixed
                0x00000000        0x0 c:/program files (x86)/atmel/atmel toolchain/avr8 gcc/native/3.4.1061/avr8-gnu-toolchain/bin/../lib/gcc/avr/4.8.1/avr5\libgcc.a(_udivmodhi4.o)

Memory Configuration

Name             Origin             Length             Attributes
text             0x00000000         0x00020000         xr
data             0x00800060         0x0000ffa0         rw !x
eeprom           0x00810000         0x00010000         rw !x
fuse             0x00820000         0x00000400         rw !x
lock             0x00830000         0x00000400         rw !x
signature        0x00840000         0x00000400         rw !x
user_signatures  0x00850000         0x00000400         rw !x
*default*        0x00000000         0xffffffff

Linker script and memory map

LOAD c:/program files (x86)/atmel/atmel toolchain/avr8 gcc/native/3.4.1061/avr8-gnu-toolchain/bin/../lib/gcc/avr/4.8.1/../../../../avr/lib/avr5/crtm32a.o
LOAD ADC.o
LOAD App.o
LOAD Buzzer.o
LOAD CLCD.o
LOAD DCMotor.o
LOAD DIO.o
LOAD KeyPad.o
LOAD main.o
LOAD MotorDashBoard.o
LOAD Potentiometer.o
LOAD Servo.o
LOAD Stepper.o
LOAD Timers.o
START GROUP
LOAD c:/program files (x86)/atmel/atmel toolchain/avr8 gcc/native/3.4.1061/avr8-gnu-toolchain/bin/../lib/gcc/avr/4.8.1/../../../../avr/lib/avr5\libm.a
END GROUP
START GROUP
LOAD c:/program files (x86)/atmel/atmel toolchain/avr8 gcc/native/3.4.1061/avr8-gnu-toolchain/bin/../lib/gcc/avr/4.8.1/avr5\libgcc.a
LOAD c:/program files (x86)/atmel/atmel toolchain/avr8 gcc/native/3.4.1061/avr8-gnu-toolchain/bin/../lib/gcc/avr/4.8.1/../../../../avr/lib/avr5\libm.a
LOAD c:/program files (x86)/atmel/atmel toolchain/avr8 gcc/native/3.4.1061/avr8-gnu-toolchain/bin/../lib/gcc/avr/4.8.1/../../../../avr/lib/avr5\libc.a
END GROUP

.hash
 *(.hash)

.dynsym
 *(.dynsym)

.dynstr
 *(.dynstr)

.gnu.version
 *(.gnu.version)

.gnu.version_d
 *(.gnu.version_d)

.gnu.version_r
 *(.gnu.version_r)

.rel.init
 *(.rel.init)

.rela.init
 *(.rela.init)

.rel.text
 *(.rel.text)
 *(.rel.text.*)
 *(.rel.gnu.linkonce.t*)

.rela.text
 *(.rela.text)
 *(.rela.text.*)
 *(.rela.gnu.linkonce.t*)

.rel.fini
 *(.rel.fini)

.rela.fini
 *(.rela.fini)

.rel.rodata
 *(.rel.rodata)
 *(.rel.rodata.*)
 *(.rel.gnu.linkonce.r*)

.rela.rodata
 *(.rela.rodata)
 *(.rela.rodata.*)
 *(.rela.gnu.linkonce.r*)

.rel.data
 *(.rel.data)
 *(.rel.data.*)
 *(.rel.gnu.linkonce.d*)

.rela.data
 *(.rela.data)
 *(.rela.data.*)
 *(.rela.gnu.linkonce.d*)

.rel.ctors
 *(.rel.ctors)

.rela.ctors
 *(.rela.ctors)

.rel.dtors
 *(.rel.dtors)

.rela.dtors
 *(.rela.dtors)

.rel.got
 *(.rel.got)

.rela.got
 *(.rela.got)

.rel.bss
 *(.rel.bss)

.rela.bss
 *(.rela.bss)

.rel.plt
 *(.rel.plt)

.rela.plt
 *(.rela.plt)

.text           0x00000000     0x1f5a
 *(.vectors)
 .vectors       0x00000000       0x54 c:/program files (x86)/atmel/atmel toolchain/avr8 gcc/native/3.4.1061/avr8-gnu-toolchain/bin/../lib/gcc/avr/4.8.1/../../../../avr/lib/avr5/crtm32a.o
                0x00000000                __vector_default
                0x00000000                __vectors
 *(.vectors)
 *(.progmem.gcc*)
                0x00000054                . = ALIGN (0x2)
                0x00000054                __trampolines_start = .
 *(.trampolines)
 .trampolines   0x00000054        0x0 linker stubs
 *(.trampolines*)
                0x00000054                __trampolines_end = .
 *(.progmem*)
                0x00000054                . = ALIGN (0x2)
 *(.jumptables)
 *(.jumptables*)
 *(.lowtext)
 *(.lowtext*)
                0x00000054                __ctors_start = .
 *(.ctors)
                0x00000054                __ctors_end = .
                0x00000054                __dtors_start = .
 *(.dtors)
                0x00000054                __dtors_end = .
 SORT(*)(.ctors)
 SORT(*)(.dtors)
 *(.init0)
 .init0         0x00000054        0x0 c:/program files (x86)/atmel/atmel toolchain/avr8 gcc/native/3.4.1061/avr8-gnu-toolchain/bin/../lib/gcc/avr/4.8.1/../../../../avr/lib/avr5/crtm32a.o
                0x00000054                __init
 *(.init0)
 *(.init1)
 *(.init1)
 *(.init2)
 .init2         0x00000054        0xc c:/program files (x86)/atmel/atmel toolchain/avr8 gcc/native/3.4.1061/avr8-gnu-toolchain/bin/../lib/gcc/avr/4.8.1/../../../../avr/lib/avr5/crtm32a.o
 *(.init2)
 *(.init3)
 *(.init3)
 *(.init4)
 .init4         0x00000060       0x16 c:/program files (x86)/atmel/atmel toolchain/avr8 gcc/native/3.4.1061/avr8-gnu-toolchain/bin/../lib/gcc/avr/4.8.1/avr5\libgcc.a(_copy_data.o)
                0x00000060                __do_copy_data
 .init4         0x00000076       0x10 c:/program files (x86)/atmel/atmel toolchain/avr8 gcc/native/3.4.1061/avr8-gnu-toolchain/bin/../lib/gcc/avr/4.8.1/avr5\libgcc.a(_clear_bss.o)
                0x00000076                __do_clear_bss
 *(.init4)
 *(.init5)
 *(.init5)
 *(.init6)
 *(.init6)
 *(.init7)
 *(.init7)
 *(.init8)
 *(.init8)
 *(.init9)
 .init9         0x00000086        0x8 c:/program files (x86)/atmel/atmel toolchain/avr8 gcc/native/3.4.1061/avr8-gnu-toolchain/bin/../lib/gcc/avr/4.8.1/../../../../avr/lib/avr5/crtm32a.o
 *(.init9)
 *(.text)
 .text          0x0000008e        0x4 c:/program files (x86)/atmel/atmel toolchain/avr8 gcc/native/3.4.1061/avr8-gnu-toolchain/bin/../lib/gcc/avr/4.8.1/../../../../avr/lib/avr5/crtm32a.o
                0x0000008e                __vector_1
                0x0000008e                __vector_12
                0x0000008e                __bad_interrupt
                0x0000008e                __vector_3
                0x0000008e                __vector_13
                0x0000008e                __vector_17
                0x0000008e                __vector_19
                0x0000008e                __vector_2
                0x0000008e                __vector_15
                0x0000008e                __vector_14
                0x0000008e                __vector_18
                0x0000008e                __vector_20
                0x00000092                . = ALIGN (0x2)
 *(.text.*)
 .text.__vector_16
                0x00000092       0x64 ADC.o
                0x00000092                __vector_16
 .text.Buzzer_Setup
                0x000000f6        0xe Buzzer.o
                0x000000f6                Buzzer_Setup
 .text.Buzzer_TurnOn
                0x00000104        0xe Buzzer.o
                0x00000104                Buzzer_TurnOn
 .text.Buzzer_TurnOff
                0x00000112        0xe Buzzer.o
                0x00000112                Buzzer_TurnOff
 .text.CLCD_SendEnablePulse
                0x00000120       0x30 CLCD.o
 .text.CLCD_SendInstruction
                0x00000150       0x94 CLCD.o
 .text.CLCD_SendData
                0x000001e4       0x94 CLCD.o
 .text.CLCD_Setup
                0x00000278       0x96 CLCD.o
                0x00000278                CLCD_Setup
 .text.CLCD_PrintString
                0x0000030e       0x2a CLCD.o
                0x0000030e                CLCD_PrintString
 .text.CLCD_SetCursor
                0x00000338       0x28 CLCD.o
                0x00000338                CLCD_SetCursor
 .text.CLCD_PrintChar
                0x00000360        0x6 CLCD.o
                0x00000360                CLCD_PrintChar
 .text.CLCD_ClearCLCD
                0x00000366       0x1a CLCD.o
                0x00000366                CLCD_ClearCLCD
 .text.DCMotor_Setup
                0x00000380       0x80 DCMotor.o
                0x00000380                DCMotor_Setup
 .text.DCMotor_MoveCW
                0x00000400       0x80 DCMotor.o
                0x00000400                DCMotor_MoveCW
 .text.DCMotor_MoveCCW
                0x00000480       0x80 DCMotor.o
                0x00000480                DCMotor_MoveCCW
 .text.DCMotor_Stop
                0x00000500       0x20 DCMotor.o
                0x00000500                DCMotor_Stop
 .text.DIO_SetPinDirection
                0x00000520      0x1f6 DIO.o
                0x00000520                DIO_SetPinDirection
 .text.DIO_WritePin
                0x00000716      0x134 DIO.o
                0x00000716                DIO_WritePin
 .text.DIO_ReadPin
                0x0000084a       0xd6 DIO.o
                0x0000084a                DIO_ReadPin
 .text.KeyPad_Setup
                0x00000920       0x7a KeyPad.o
                0x00000920                KeyPad_Setup
 .text.KeyPad_GetValue
                0x0000099a      0x140 KeyPad.o
                0x0000099a                KeyPad_GetValue
 .text.main     0x00000ada      0x26c main.o
                0x00000ada                main
 .text.LoginSystem
                0x00000d46       0x6c MotorDashBoard.o
                0x00000d46                LoginSystem
 .text.PrintUserName
                0x00000db2       0xc6 MotorDashBoard.o
                0x00000db2                PrintUserName
 .text.PrintMasterMsg
                0x00000e78       0x3a MotorDashBoard.o
                0x00000e78                PrintMasterMsg
 .text.PrintScreen
                0x00000eb2      0x180 MotorDashBoard.o
                0x00000eb2                PrintScreen
 .text.GetChoice
                0x00001032       0x8e MotorDashBoard.o
                0x00001032                GetChoice
 .text.GetUserID
                0x000010c0       0xce MotorDashBoard.o
                0x000010c0                GetUserID
 .text.GetAngle
                0x0000118e       0xc2 MotorDashBoard.o
                0x0000118e                GetAngle
 .text.Servo_Setup
                0x00001250       0x44 Servo.o
                0x00001250                Servo_Setup
 .text.Servo_WriteAngle
                0x00001294       0x52 Servo.o
                0x00001294                Servo_WriteAngle
 .text.Stepper_Setup
                0x000012e6       0x34 Stepper.o
                0x000012e6                Stepper_Setup
 .text.Stepper_Move
                0x0000131a      0x40e Stepper.o
                0x0000131a                Stepper_Move
 .text.Stepper_Stop
                0x00001728       0xdc Stepper.o
                0x00001728                Stepper_Stop
 .text.Timer0_Initiate
                0x00001804       0x2e Timers.o
                0x00001804                Timer0_Initiate
 .text.__vector_11
                0x00001832       0x52 Timers.o
                0x00001832                __vector_11
 .text.__vector_10
                0x00001884       0x52 Timers.o
                0x00001884                __vector_10
 .text.Timer1_Initiate
                0x000018d6       0x48 Timers.o
                0x000018d6                Timer1_Initiate
 .text.Timer1_SetICRValue
                0x0000191e        0x6 Timers.o
                0x0000191e                Timer1_SetICRValue
 .text.Timer1_PWM_OC1APin
                0x00001924        0x6 Timers.o
                0x00001924                Timer1_PWM_OC1APin
 .text.Timer1_PWM_OC1BPin
                0x0000192a        0x6 Timers.o
                0x0000192a                Timer1_PWM_OC1BPin
 .text.__vector_9
                0x00001930       0x52 Timers.o
                0x00001930                __vector_9
 .text.__vector_8
                0x00001982       0x52 Timers.o
                0x00001982                __vector_8
 .text.__vector_7
                0x000019d4       0x52 Timers.o
                0x000019d4                __vector_7
 .text.__vector_6
                0x00001a26       0x52 Timers.o
                0x00001a26                __vector_6
 .text.Timer2_Initiate
                0x00001a78       0x2e Timers.o
                0x00001a78                Timer2_Initiate
 .text.__vector_5
                0x00001aa6       0x52 Timers.o
                0x00001aa6                __vector_5
 .text.__vector_4
                0x00001af8       0x52 Timers.o
                0x00001af8                __vector_4
 .text.Timer0_DisableOC0
                0x00001b4a        0xe Timers.o
                0x00001b4a                Timer0_DisableOC0
 .text.Timer1_DisableOC1A
                0x00001b58        0xe Timers.o
                0x00001b58                Timer1_DisableOC1A
 .text.Timer1_DisableOC1B
                0x00001b66        0xe Timers.o
                0x00001b66                Timer1_DisableOC1B
 .text.Timer2_DisableOC2
                0x00001b74        0xe Timers.o
                0x00001b74                Timer2_DisableOC2
 .text.avr-libc.fplib
                0x00001b82        0xa c:/program files (x86)/atmel/atmel toolchain/avr8 gcc/native/3.4.1061/avr8-gnu-toolchain/bin/../lib/gcc/avr/4.8.1/../../../../avr/lib/avr5\libm.a(addsf3.o)
                0x00001b82                __subsf3
                0x00001b84                __addsf3
 .text.avr-libc.fplib
                0x00001b8c       0xc0 c:/program files (x86)/atmel/atmel toolchain/avr8 gcc/native/3.4.1061/avr8-gnu-toolchain/bin/../lib/gcc/avr/4.8.1/../../../../avr/lib/avr5\libm.a(addsf3x.o)
                0x00001ba6                __addsf3x
 .text.avr-libc.fplib
                0x00001c4c        0x4 c:/program files (x86)/atmel/atmel toolchain/avr8 gcc/native/3.4.1061/avr8-gnu-toolchain/bin/../lib/gcc/avr/4.8.1/../../../../avr/lib/avr5\libm.a(divsf3.o)
                0x00001c4c                __divsf3
 .text.avr-libc.fplib
                0x00001c50       0xcc c:/program files (x86)/atmel/atmel toolchain/avr8 gcc/native/3.4.1061/avr8-gnu-toolchain/bin/../lib/gcc/avr/4.8.1/../../../../avr/lib/avr5\libm.a(divsf3x.o)
                0x00001c66                __divsf3x
                0x00001c6a                __divsf3_pse
 .text.avr-libc.fplib
                0x00001d1c       0x58 c:/program files (x86)/atmel/atmel toolchain/avr8 gcc/native/3.4.1061/avr8-gnu-toolchain/bin/../lib/gcc/avr/4.8.1/../../../../avr/lib/avr5\libm.a(fixunssfsi.o)
                0x00001d1c                __fixunssfsi
 .text.avr-libc.fplib
                0x00001d74       0x7a c:/program files (x86)/atmel/atmel toolchain/avr8 gcc/native/3.4.1061/avr8-gnu-toolchain/bin/../lib/gcc/avr/4.8.1/../../../../avr/lib/avr5\libm.a(floatsisf.o)
                0x00001d74                __floatunsisf
                0x00001d78                __floatsisf
 .text.avr-libc.fplib
                0x00001dee        0xc c:/program files (x86)/atmel/atmel toolchain/avr8 gcc/native/3.4.1061/avr8-gnu-toolchain/bin/../lib/gcc/avr/4.8.1/../../../../avr/lib/avr5\libm.a(fp_inf.o)
                0x00001dee                __fp_inf
 .text.avr-libc.fplib
                0x00001dfa        0x6 c:/program files (x86)/atmel/atmel toolchain/avr8 gcc/native/3.4.1061/avr8-gnu-toolchain/bin/../lib/gcc/avr/4.8.1/../../../../avr/lib/avr5\libm.a(fp_nan.o)
                0x00001dfa                __fp_nan
 .text.avr-libc.fplib
                0x00001e00        0xe c:/program files (x86)/atmel/atmel toolchain/avr8 gcc/native/3.4.1061/avr8-gnu-toolchain/bin/../lib/gcc/avr/4.8.1/../../../../avr/lib/avr5\libm.a(fp_pscA.o)
                0x00001e00                __fp_pscA
 .text.avr-libc.fplib
                0x00001e0e        0xe c:/program files (x86)/atmel/atmel toolchain/avr8 gcc/native/3.4.1061/avr8-gnu-toolchain/bin/../lib/gcc/avr/4.8.1/../../../../avr/lib/avr5\libm.a(fp_pscB.o)
                0x00001e0e                __fp_pscB
 .text.avr-libc.fplib
                0x00001e1c       0x22 c:/program files (x86)/atmel/atmel toolchain/avr8 gcc/native/3.4.1061/avr8-gnu-toolchain/bin/../lib/gcc/avr/4.8.1/../../../../avr/lib/avr5\libm.a(fp_round.o)
                0x00001e1c                __fp_round
 .text.avr-libc.fplib
                0x00001e3e       0x44 c:/program files (x86)/atmel/atmel toolchain/avr8 gcc/native/3.4.1061/avr8-gnu-toolchain/bin/../lib/gcc/avr/4.8.1/../../../../avr/lib/avr5\libm.a(fp_split3.o)
                0x00001e3e                __fp_split3
                0x00001e4e                __fp_splitA
 .text.avr-libc.fplib
                0x00001e82        0xe c:/program files (x86)/atmel/atmel toolchain/avr8 gcc/native/3.4.1061/avr8-gnu-toolchain/bin/../lib/gcc/avr/4.8.1/../../../../avr/lib/avr5\libm.a(fp_zero.o)
                0x00001e82                __fp_zero
                0x00001e84                __fp_szero
 .text.avr-libc.fplib
                0x00001e90        0x4 c:/program files (x86)/atmel/atmel toolchain/avr8 gcc/native/3.4.1061/avr8-gnu-toolchain/bin/../lib/gcc/avr/4.8.1/../../../../avr/lib/avr5\libm.a(mulsf3.o)
                0x00001e90                __mulsf3
 .text.avr-libc.fplib
                0x00001e94       0xc2 c:/program files (x86)/atmel/atmel toolchain/avr8 gcc/native/3.4.1061/avr8-gnu-toolchain/bin/../lib/gcc/avr/4.8.1/../../../../avr/lib/avr5\libm.a(mulsf3x.o)
                0x00001ea8                __mulsf3x
                0x00001eac                __mulsf3_pse
                0x00001f56                . = ALIGN (0x2)
 *(.fini9)
 .fini9         0x00001f56        0x0 c:/program files (x86)/atmel/atmel toolchain/avr8 gcc/native/3.4.1061/avr8-gnu-toolchain/bin/../lib/gcc/avr/4.8.1/avr5\libgcc.a(_exit.o)
                0x00001f56                _exit
                0x00001f56                exit
 *(.fini9)
 *(.fini8)
 *(.fini8)
 *(.fini7)
 *(.fini7)
 *(.fini6)
 *(.fini6)
 *(.fini5)
 *(.fini5)
 *(.fini4)
 *(.fini4)
 *(.fini3)
 *(.fini3)
 *(.fini2)
 *(.fini2)
 *(.fini1)
 *(.fini1)
 *(.fini0)
 .fini0         0x00001f56        0x4 c:/program files (x86)/atmel/atmel toolchain/avr8 gcc/native/3.4.1061/avr8-gnu-toolchain/bin/../lib/gcc/avr/4.8.1/avr5\libgcc.a(_exit.o)
 *(.fini0)
                0x00001f5a                _etext = .

.data           0x00800060      0x102 load address 0x00001f5a
                0x00800060                PROVIDE (__data_start, .)
 *(.data)
 *(.data*)
 .data.ADC_BusyFlag
                0x00800060        0x1 ADC.o
 *(.rodata)
 .rodata        0x00800061       0x10 KeyPad.o
 .rodata        0x00800071        0x6 main.o
 *(.rodata*)
 .rodata.str1.1
                0x00800077        0x9 main.o
 .rodata.str1.1
                0x00800080       0xe2 MotorDashBoard.o
 *(.gnu.linkonce.d*)
                0x00800162                . = ALIGN (0x2)
                0x00800162                _edata = .
                0x00800162                PROVIDE (__data_end, .)

.bss            0x00800162       0x14
                0x00800162                PROVIDE (__bss_start, .)
 *(.bss)
 *(.bss*)
 .bss.ADC_ReadingValue
                0x00800162        0x2 ADC.o
                0x00800162                ADC_ReadingValue
 .bss.GlopalPointer_ADCInterrupt
                0x00800164        0x2 ADC.o
 .bss.GlobalPointer_Timer2_OverFlowEvent
                0x00800166        0x2 Timers.o
 .bss.GlobalPointer_Timer2_CompareMatchEvent
                0x00800168        0x2 Timers.o
 .bss.GlobalPointer_Timer1_CaptureEvent
                0x0080016a        0x2 Timers.o
 .bss.GlobalPointer_Timer1_CompareMatchBEvent
                0x0080016c        0x2 Timers.o
 .bss.GlobalPointer_Timer1_CompareMatchAEvent
                0x0080016e        0x2 Timers.o
 .bss.GlobalPointer_Timer1_OverFlowEvent
                0x00800170        0x2 Timers.o
 .bss.GlobalPointer_Timer0_OverFlowEvent
                0x00800172        0x2 Timers.o
 .bss.GlobalPointer_Timer0_CompareMatchEvent
                0x00800174        0x2 Timers.o
 *(COMMON)
                0x00800176                PROVIDE (__bss_end, .)
                0x00001f5a                __data_load_start = LOADADDR (.data)
                0x0000205c                __data_load_end = (__data_load_start + SIZEOF (.data))

.noinit         0x00800176        0x0
                0x00800176                PROVIDE (__noinit_start, .)
 *(.noinit*)
                0x00800176                PROVIDE (__noinit_end, .)
                0x00800176                _end = .
                0x00800176                PROVIDE (__heap_start, .)

.eeprom         0x00810000        0x0
 *(.eeprom*)
                0x00810000                __eeprom_end = .

.fuse
 *(.fuse)
 *(.lfuse)
 *(.hfuse)
 *(.efuse)

.lock
 *(.lock*)

.signature
 *(.signature*)

.user_signatures
 *(.user_signatures*)

.stab
 *(.stab)

.stabstr
 *(.stabstr)

.stab.excl
 *(.stab.excl)

.stab.exclstr
 *(.stab.exclstr)

.stab.index
 *(.stab.index)

.stab.indexstr
 *(.stab.indexstr)

.comment        0x00000000       0x30
 *(.comment)
 .comment       0x00000000       0x30 ADC.o
                                 0x31 (size before relaxing)
 .comment       0x00000000       0x31 Buzzer.o
 .comment       0x00000000       0x31 CLCD.o
 .comment       0x00000000       0x31 DCMotor.o
 .comment       0x00000000       0x31 DIO.o
 .comment       0x00000000       0x31 KeyPad.o
 .comment       0x00000000       0x31 main.o
 .comment       0x00000000       0x31 MotorDashBoard.o
 .comment       0x00000000       0x31 Servo.o
 .comment       0x00000000       0x31 Stepper.o
 .comment       0x00000000       0x31 Timers.o

.note.gnu.build-id
 *(.note.gnu.build-id)

.debug
 *(.debug)

.line
 *(.line)

.debug_srcinfo
 *(.debug_srcinfo)

.debug_sfnames
 *(.debug_sfnames)

.debug_aranges  0x00000000      0x3f8
 *(.debug_aranges)
 .debug_aranges
                0x00000000       0x38 ADC.o
 .debug_aranges
                0x00000038       0x30 Buzzer.o
 .debug_aranges
                0x00000068       0xc8 CLCD.o
 .debug_aranges
                0x00000130       0x40 DCMotor.o
 .debug_aranges
                0x00000170       0x48 DIO.o
 .debug_aranges
                0x000001b8       0x28 KeyPad.o
 .debug_aranges
                0x000001e0       0x20 main.o
 .debug_aranges
                0x00000200       0x50 MotorDashBoard.o
 .debug_aranges
                0x00000250       0x28 Servo.o
 .debug_aranges
                0x00000278       0x30 Stepper.o
 .debug_aranges
                0x000002a8      0x150 Timers.o

.debug_pubnames
 *(.debug_pubnames)

.debug_info     0x00000000     0x4e97
 *(.debug_info .gnu.linkonce.wi.*)
 .debug_info    0x00000000      0x1de ADC.o
 .debug_info    0x000001de      0x207 Buzzer.o
 .debug_info    0x000003e5     0x10f5 CLCD.o
 .debug_info    0x000014da      0x43b DCMotor.o
 .debug_info    0x00001915      0x2ad DIO.o
 .debug_info    0x00001bc2      0x3ce KeyPad.o
 .debug_info    0x00001f90      0x82f main.o
 .debug_info    0x000027bf      0xfcf MotorDashBoard.o
 .debug_info    0x0000378e      0x253 Servo.o
 .debug_info    0x000039e1      0xd55 Stepper.o
 .debug_info    0x00004736      0x761 Timers.o

.debug_abbrev   0x00000000      0xfe7
 *(.debug_abbrev)
 .debug_abbrev  0x00000000       0xed ADC.o
 .debug_abbrev  0x000000ed       0xe9 Buzzer.o
 .debug_abbrev  0x000001d6      0x2b9 CLCD.o
 .debug_abbrev  0x0000048f      0x11b DCMotor.o
 .debug_abbrev  0x000005aa       0xb0 DIO.o
 .debug_abbrev  0x0000065a      0x125 KeyPad.o
 .debug_abbrev  0x0000077f      0x176 main.o
 .debug_abbrev  0x000008f5      0x1d2 MotorDashBoard.o
 .debug_abbrev  0x00000ac7      0x159 Servo.o
 .debug_abbrev  0x00000c20      0x1af Stepper.o
 .debug_abbrev  0x00000dcf      0x218 Timers.o

.debug_line     0x00000000     0x165c
 *(.debug_line .debug_line.* .debug_line_end)
 .debug_line    0x00000000       0xde ADC.o
 .debug_line    0x000000de       0x90 Buzzer.o
 .debug_line    0x0000016e      0x3d3 CLCD.o
 .debug_line    0x00000541      0x13e DCMotor.o
 .debug_line    0x0000067f      0x1f4 DIO.o
 .debug_line    0x00000873       0x95 KeyPad.o
 .debug_line    0x00000908      0x221 main.o
 .debug_line    0x00000b29      0x32d MotorDashBoard.o
 .debug_line    0x00000e56       0xab Servo.o
 .debug_line    0x00000f01      0x3f7 Stepper.o
 .debug_line    0x000012f8      0x364 Timers.o

.debug_frame    0x00000000      0xb40
 *(.debug_frame)
 .debug_frame   0x00000000       0x9c ADC.o
 .debug_frame   0x0000009c       0x44 Buzzer.o
 .debug_frame   0x000000e0      0x1f0 CLCD.o
 .debug_frame   0x000002d0       0xac DCMotor.o
 .debug_frame   0x0000037c       0x74 DIO.o
 .debug_frame   0x000003f0       0x94 KeyPad.o
 .debug_frame   0x00000484       0x34 main.o
 .debug_frame   0x000004b8       0xf8 MotorDashBoard.o
 .debug_frame   0x000005b0       0x50 Servo.o
 .debug_frame   0x00000600       0x7c Stepper.o
 .debug_frame   0x0000067c      0x4c4 Timers.o

.debug_str      0x00000000      0xeb1
 *(.debug_str)
 .debug_str     0x00000000      0x261 ADC.o
                                0x295 (size before relaxing)
 .debug_str     0x00000261       0x80 Buzzer.o
                                0x23e (size before relaxing)
 .debug_str     0x000002e1      0x2fa CLCD.o
                                0x4fb (size before relaxing)
 .debug_str     0x000005db      0x124 DCMotor.o
                                0x31d (size before relaxing)
 .debug_str     0x000006ff       0x79 DIO.o
                                0x260 (size before relaxing)
 .debug_str     0x00000778       0x73 KeyPad.o
                                0x266 (size before relaxing)
 .debug_str     0x000007eb      0x141 main.o
                                0x412 (size before relaxing)
 .debug_str     0x0000092c       0x50 MotorDashBoard.o
                                0x34c (size before relaxing)
 .debug_str     0x0000097c       0x6c Servo.o
                                0x2a0 (size before relaxing)
 .debug_str     0x000009e8       0x2c Stepper.o
                                0x2e1 (size before relaxing)
 .debug_str     0x00000a14      0x49d Timers.o
                                0x762 (size before relaxing)

.debug_loc      0x00000000     0x3410
 *(.debug_loc)
 .debug_loc     0x00000000      0x236 ADC.o
 .debug_loc     0x00000236       0xff Buzzer.o
 .debug_loc     0x00000335      0x635 CLCD.o
 .debug_loc     0x0000096a      0x3d8 DCMotor.o
 .debug_loc     0x00000d42      0x957 DIO.o
 .debug_loc     0x00001699      0x1cb KeyPad.o
 .debug_loc     0x00001864       0xd7 main.o
 .debug_loc     0x0000193b      0x894 MotorDashBoard.o
 .debug_loc     0x000021cf      0x17b Servo.o
 .debug_loc     0x0000234a      0x7da Stepper.o
 .debug_loc     0x00002b24      0x8ec Timers.o

.debug_macinfo
 *(.debug_macinfo)

.debug_weaknames
 *(.debug_weaknames)

.debug_funcnames
 *(.debug_funcnames)

.debug_typenames
 *(.debug_typenames)

.debug_varnames
 *(.debug_varnames)

.debug_pubtypes
 *(.debug_pubtypes)

.debug_ranges   0x00000000      0x348
 *(.debug_ranges)
 .debug_ranges  0x00000000       0x28 ADC.o
 .debug_ranges  0x00000028       0x20 Buzzer.o
 .debug_ranges  0x00000048       0xb8 CLCD.o
 .debug_ranges  0x00000100       0x30 DCMotor.o
 .debug_ranges  0x00000130       0x38 DIO.o
 .debug_ranges  0x00000168       0x18 KeyPad.o
 .debug_ranges  0x00000180       0x10 main.o
 .debug_ranges  0x00000190       0x40 MotorDashBoard.o
 .debug_ranges  0x000001d0       0x18 Servo.o
 .debug_ranges  0x000001e8       0x20 Stepper.o
 .debug_ranges  0x00000208      0x140 Timers.o

.debug_macro
 *(.debug_macro)
OUTPUT(Motor dash board.elf elf32-avr)
LOAD linker stubs
